../Core/Src/main.c:81:5:main	8	static
../Core/Src/main.c:170:6:SystemClock_Config	72	static
../Core/Src/main.c:209:13:MX_I2C2_Init	8	static
../Core/Src/main.c:243:13:MX_GPIO_Init	16	static
../Core/Src/main.c:258:6:Scan_Slave_Address	8	static
../Core/Src/main.c:267:6:delay	16	static
../Core/Src/main.c:271:6:RCC_Config	4	static
../Core/Src/main.c:284:6:Gpio_Config	4	static
../Core/Src/main.c:295:6:I2C_Config	4	static
../Core/Src/main.c:307:6:I2C_Write	16	static
../Core/Src/main.c:335:6:Error_Handler	4	static,ignoring_inline_asm
