../Drivers/STM32F1xx_HAL_Driver/Src/stm32f1xx_hal_dac.c:291:19:HAL_DAC_Init	16	static
../Drivers/STM32F1xx_HAL_Driver/Src/stm32f1xx_hal_dac.c:352:19:HAL_DAC_DeInit	16	static
../Drivers/STM32F1xx_HAL_Driver/Src/stm32f1xx_hal_dac.c:397:13:HAL_DAC_MspInit	16	static
../Drivers/STM32F1xx_HAL_Driver/Src/stm32f1xx_hal_dac.c:413:13:HAL_DAC_MspDeInit	16	static
../Drivers/STM32F1xx_HAL_Driver/Src/stm32f1xx_hal_dac.c:455:19:HAL_DAC_Start	16	static
../Drivers/STM32F1xx_HAL_Driver/Src/stm32f1xx_hal_dac.c:516:19:HAL_DAC_Stop	16	static
../Drivers/STM32F1xx_HAL_Driver/Src/stm32f1xx_hal_dac.c:554:19:HAL_DAC_Start_DMA	32	static
../Drivers/STM32F1xx_HAL_Driver/Src/stm32f1xx_hal_dac.c:690:19:HAL_DAC_Stop_DMA	16	static
../Drivers/STM32F1xx_HAL_Driver/Src/stm32f1xx_hal_dac.c:748:6:HAL_DAC_IRQHandler	24	static
../Drivers/STM32F1xx_HAL_Driver/Src/stm32f1xx_hal_dac.c:830:19:HAL_DAC_SetValue	32	static
../Drivers/STM32F1xx_HAL_Driver/Src/stm32f1xx_hal_dac.c:870:13:HAL_DAC_ConvCpltCallbackCh1	16	static
../Drivers/STM32F1xx_HAL_Driver/Src/stm32f1xx_hal_dac.c:886:13:HAL_DAC_ConvHalfCpltCallbackCh1	16	static
../Drivers/STM32F1xx_HAL_Driver/Src/stm32f1xx_hal_dac.c:902:13:HAL_DAC_ErrorCallbackCh1	16	static
../Drivers/STM32F1xx_HAL_Driver/Src/stm32f1xx_hal_dac.c:918:13:HAL_DAC_DMAUnderrunCallbackCh1	16	static
../Drivers/STM32F1xx_HAL_Driver/Src/stm32f1xx_hal_dac.c:957:10:HAL_DAC_GetValue	24	static
../Drivers/STM32F1xx_HAL_Driver/Src/stm32f1xx_hal_dac.c:995:19:HAL_DAC_ConfigChannel	40	static
../Drivers/STM32F1xx_HAL_Driver/Src/stm32f1xx_hal_dac.c:1071:22:HAL_DAC_GetState	16	static
../Drivers/STM32F1xx_HAL_Driver/Src/stm32f1xx_hal_dac.c:1084:10:HAL_DAC_GetError	16	static
../Drivers/STM32F1xx_HAL_Driver/Src/stm32f1xx_hal_dac.c:1356:6:DAC_DMAConvCpltCh1	24	static
../Drivers/STM32F1xx_HAL_Driver/Src/stm32f1xx_hal_dac.c:1375:6:DAC_DMAHalfConvCpltCh1	24	static
../Drivers/STM32F1xx_HAL_Driver/Src/stm32f1xx_hal_dac.c:1392:6:DAC_DMAErrorCh1	24	static
