09:14:47 **** Incremental Build of configuration Debug for project 020_Timer_Gated_Mode_Hal ****
make -j16 all 
arm-none-eabi-size  020_Timer_Gated_Mode_Hal.elf 
   text	   data	    bss	    dec	    hex	filename
   6548	     12	   1644	   8204	   200c	020_Timer_Gated_Mode_Hal.elf
Finished building: default.size.stdout
 
09:14:49 **** Incremental Build of configuration Debug for project 020_Timer_Gated_Mode_Hal ****
make -j16 all 
arm-none-eabi-size  020_Timer_Gated_Mode_Hal.elf 
   text	   data	    bss	    dec	    hex	filename
   6548	     12	   1644	   8204	   200c	020_Timer_Gated_Mode_Hal.elf
Finished building: default.size.stdout
 
12:19:02 **** Incremental Build of configuration Debug for project 020_Timer_Gated_Mode_Hal ****
make -j16 all 
arm-none-eabi-size  020_Timer_Gated_Mode_Hal.elf 
   text	   data	    bss	    dec	    hex	filename
   6548	     12	   1644	   8204	   200c	020_Timer_Gated_Mode_Hal.elf
Finished building: default.size.stdout
 
