15:38:22 **** Incremental Build of configuration Debug for project 021_Timer_Trigger_Mode_Exti_Hal ****
make -j16 all 
arm-none-eabi-gcc "../Core/Src/main.c" -mcpu=cortex-m3 -std=gnu11 -g3 -DDEBUG -DUSE_HAL_DRIVER -DSTM32F103xB -c -I../Core/Inc -I../Drivers/STM32F1xx_HAL_Driver/Inc/Legacy -I../Drivers/STM32F1xx_HAL_Driver/Inc -I../Drivers/CMSIS/Device/ST/STM32F1xx/Include -I../Drivers/CMSIS/Include -O0 -ffunction-sections -fdata-sections -Wall -fstack-usage -fcyclomatic-complexity -MMD -MP -MF"Core/Src/main.d" -MT"Core/Src/main.o" --specs=nano.specs -mfloat-abi=soft -mthumb -o "Core/Src/main.o"
arm-none-eabi-gcc -o "021_Timer_Trigger_Mode_Exti_Hal.elf" @"objects.list"   -mcpu=cortex-m3 -T"C:\Users\omrvr\STM32CubeIDE\workspace_1.15.0\021_Timer_Trigger_Mode_Exti_Hal\STM32F103C8TX_FLASH.ld" --specs=nosys.specs -Wl,-Map="021_Timer_Trigger_Mode_Exti_Hal.map" -Wl,--gc-sections -static --specs=nano.specs -mfloat-abi=soft -mthumb -Wl,--start-group -lc -lm -Wl,--end-group
Finished building target: 021_Timer_Trigger_Mode_Exti_Hal.elf
 
arm-none-eabi-size  021_Timer_Trigger_Mode_Exti_Hal.elf 
arm-none-eabi-objdump -h -S 021_Timer_Trigger_Mode_Exti_Hal.elf  > "021_Timer_Trigger_Mode_Exti_Hal.list"
   text	   data	    bss	    dec	    hex	filename
   7404	     12	   1644	   9060	   2364	021_Timer_Trigger_Mode_Exti_Hal.elf
Finished building: default.size.stdout
 
Finished building: 021_Timer_Trigger_Mode_Exti_Hal.list
 
15:38:25 **** Incremental Build of configuration Debug for project 021_Timer_Trigger_Mode_Exti_Hal ****
make -j16 all 
arm-none-eabi-size  021_Timer_Trigger_Mode_Exti_Hal.elf 
   text	   data	    bss	    dec	    hex	filename
   7404	     12	   1644	   9060	   2364	021_Timer_Trigger_Mode_Exti_Hal.elf
Finished building: default.size.stdout
 
